{
	"credit": "Made with Blockbench",
	"parent": "block/block",
	"textures": {
		"1": "supplementaries:blocks/candelabra",
		"particle": "supplementaries:blocks/candelabra",
		"all": "supplementaries:candle"
	},
	"elements": [
		{
			"from": [12.5, 13, 8],
			"to": [13.5, 14, 8],
			"rotation": {"angle": -45, "axis": "y", "origin": [13, 13, 8]},
			"faces": {
				"north": {"uv": [0, 5, 1, 6], "texture": "#all"},
				"south": {"uv": [1, 5, 0, 6], "texture": "#all"}
			}
		},
		{
			"from": [12.5, 13, 8],
			"to": [13.5, 14, 8],
			"rotation": {"angle": 45, "axis": "y", "origin": [13, 13, 8]},
			"faces": {
				"north": {"uv": [0, 5, 1, 6], "texture": "#all"},
				"south": {"uv": [1, 5, 0, 6], "texture": "#all"}
			}
		},
		{
			"from": [12, 8, 7],
			"to": [14, 13, 9],
			"rotation": {"angle": 0, "axis": "y", "origin": [11, 16, 7]},
			"faces": {
				"north": {"uv": [0, 8, 2, 13], "texture": "#all"},
				"east": {"uv": [0, 8, 2, 13], "texture": "#all"},
				"south": {"uv": [0, 8, 2, 13], "texture": "#all"},
				"west": {"uv": [0, 8, 2, 13], "texture": "#all"},
				"up": {"uv": [0, 6, 2, 8], "texture": "#all"},
				"down": {"uv": [0, 14, 2, 16], "texture": "#all", "cullface": "down"}
			}
		},
		{
			"from": [2.5, 13, 8],
			"to": [3.5, 14, 8],
			"rotation": {"angle": 45, "axis": "y", "origin": [3, 13, 8]},
			"faces": {
				"north": {"uv": [0, 5, 1, 6], "texture": "#all"},
				"south": {"uv": [1, 5, 0, 6], "texture": "#all"}
			}
		},
		{
			"from": [2.5, 13, 8],
			"to": [3.5, 14, 8],
			"rotation": {"angle": -45, "axis": "y", "origin": [3, 13, 8]},
			"faces": {
				"north": {"uv": [0, 5, 1, 6], "texture": "#all"},
				"south": {"uv": [1, 5, 0, 6], "texture": "#all"}
			}
		},
		{
			"from": [2, 8, 7],
			"to": [4, 13, 9],
			"rotation": {"angle": 0, "axis": "y", "origin": [5, 16, 10]},
			"faces": {
				"north": {"uv": [0, 8, 2, 13], "texture": "#all"},
				"east": {"uv": [0, 8, 2, 13], "texture": "#all"},
				"south": {"uv": [0, 8, 2, 13], "texture": "#all"},
				"west": {"uv": [0, 8, 2, 13], "texture": "#all"},
				"up": {"uv": [0, 6, 2, 8], "texture": "#all"},
				"down": {"uv": [0, 14, 2, 16], "texture": "#all", "cullface": "down"}
			}
		},
		{
			"from": [7.5, 14, 8],
			"to": [8.5, 15, 8],
			"rotation": {"angle": -45, "axis": "y", "origin": [8, 14, 8]},
			"faces": {
				"north": {"uv": [0, 5, 1, 6], "texture": "#all"},
				"south": {"uv": [0, 5, 1, 6], "texture": "#all"}
			}
		},
		{
			"from": [7, 8, 7],
			"to": [9, 14, 9],
			"rotation": {"angle": 0, "axis": "y", "origin": [7, 16, 10]},
			"faces": {
				"north": {"uv": [0, 8, 2, 14], "texture": "#all"},
				"east": {"uv": [0, 8, 2, 14], "texture": "#all"},
				"south": {"uv": [0, 8, 2, 14], "texture": "#all"},
				"west": {"uv": [0, 8, 2, 14], "texture": "#all"},
				"up": {"uv": [0, 6, 2, 8], "texture": "#all"},
				"down": {"uv": [0, 14, 2, 16], "texture": "#all", "cullface": "down"}
			}
		},
		{
			"from": [7.5, 14, 8],
			"to": [8.5, 15, 8],
			"rotation": {"angle": 45, "axis": "y", "origin": [8, 14, 8]},
			"faces": {
				"north": {"uv": [0, 5, 1, 6], "texture": "#all"},
				"south": {"uv": [0, 5, 1, 6], "texture": "#all"}
			}
		},
		{
			"from": [5, 0, 5],
			"to": [11, 1, 11],
			"rotation": {"angle": 0, "axis": "y", "origin": [13, 8, 13]},
			"faces": {
				"north": {"uv": [6, 15, 12, 16], "texture": "#1"},
				"east": {"uv": [6, 15, 12, 16], "texture": "#1"},
				"south": {"uv": [6, 15, 12, 16], "texture": "#1"},
				"west": {"uv": [6, 15, 12, 16], "texture": "#1"},
				"up": {"uv": [0, 10, 6, 16], "texture": "#1"},
				"down": {"uv": [0, 10, 6, 16], "texture": "#1"}
			}
		},
		{
			"from": [7, 1, 7],
			"to": [9, 5, 9],
			"rotation": {"angle": 0, "axis": "y", "origin": [15, 9, 15]},
			"faces": {
				"north": {"uv": [8, 11, 10, 15], "texture": "#1"},
				"east": {"uv": [8, 11, 10, 15], "texture": "#1"},
				"south": {"uv": [8, 11, 10, 15], "texture": "#1"},
				"west": {"uv": [8, 11, 10, 15], "texture": "#1"}
			}
		},
		{
			"from": [2, 5, 7],
			"to": [14, 7, 9],
			"rotation": {"angle": 0, "axis": "y", "origin": [10, 13, 15]},
			"faces": {
				"north": {"uv": [2, 0, 14, 2], "texture": "#1"},
				"east": {"uv": [14, 0, 16, 2], "texture": "#1"},
				"south": {"uv": [2, 0, 14, 2], "texture": "#1"},
				"west": {"uv": [0, 0, 2, 2], "texture": "#1"},
				"up": {"uv": [2, 0, 14, 2], "texture": "#1"},
				"down": {"uv": [2, 0, 14, 2], "texture": "#1"}
			}
		},
		{
			"from": [1, 7, 6],
			"to": [5, 8, 10],
			"rotation": {"angle": 0, "axis": "y", "origin": [9, 15, 14]},
			"faces": {
				"north": {"uv": [12, 10, 16, 11], "texture": "#1"},
				"east": {"uv": [12, 10, 16, 11], "texture": "#1"},
				"south": {"uv": [12, 10, 16, 11], "texture": "#1"},
				"west": {"uv": [12, 10, 16, 11], "texture": "#1"},
				"up": {"uv": [12, 12, 16, 16], "texture": "#1"},
				"down": {"uv": [12, 12, 16, 16], "texture": "#1"}
			}
		},
		{
			"from": [6, 7, 6],
			"to": [10, 8, 10],
			"rotation": {"angle": 0, "axis": "y", "origin": [14, 15, 14]},
			"faces": {
				"north": {"uv": [12, 10, 16, 11], "texture": "#1"},
				"east": {"uv": [12, 10, 16, 11], "texture": "#1"},
				"south": {"uv": [12, 10, 16, 11], "texture": "#1"},
				"west": {"uv": [12, 10, 16, 11], "texture": "#1"},
				"up": {"uv": [12, 12, 16, 16], "texture": "#1"},
				"down": {"uv": [12, 12, 16, 16], "texture": "#1"}
			}
		},
		{
			"from": [11, 7, 6],
			"to": [15, 8, 10],
			"rotation": {"angle": 0, "axis": "y", "origin": [19, 15, 14]},
			"faces": {
				"north": {"uv": [12, 10, 16, 11], "texture": "#1"},
				"east": {"uv": [12, 10, 16, 11], "texture": "#1"},
				"south": {"uv": [12, 10, 16, 11], "texture": "#1"},
				"west": {"uv": [12, 10, 16, 11], "texture": "#1"},
				"up": {"uv": [12, 12, 16, 16], "texture": "#1"},
				"down": {"uv": [12, 12, 16, 16], "texture": "#1"}
			}
		}
	],
	"groups": [
		{
			"name": "group",
			"origin": [9, 6, 6],
			"color": 0,
			"children": [
				{
					"name": "group",
					"origin": [8, 8, 0],
					"color": 0,
					"children": [0, 1, 2]
				},
				{
					"name": "group",
					"origin": [8, 8, 0],
					"color": 0,
					"children": [3, 4, 5]
				},
				{
					"name": "group",
					"origin": [9, 6, -2],
					"color": 0,
					"children": [6, 7, 8]
				}
			]
		},
		{
			"name": "group",
			"origin": [19, 15, 14],
			"color": 0,
			"children": [
				9,
				10,
				{
					"name": "group",
					"origin": [10, 13, 15],
					"color": 0,
					"children": [11]
				},
				12,
				13,
				14
			]
		}
	]
}