{
	"credit": "Made with Blockbench",
	"parent": "block/block",
	"textures": {
		"1": "supplementaries:blocks/candelabra",
		"particle": "supplementaries:blocks/candelabra",
		"all": "supplementaries:candle"
	},
	"elements": [
		{
			"from": [12.5, 13, 13],
			"to": [13.5, 14, 13],
			"rotation": {"angle": -45, "axis": "y", "origin": [13, 13, 13]},
			"faces": {
				"north": {"uv": [0, 5, 1, 6], "texture": "#all"},
				"south": {"uv": [1, 5, 0, 6], "texture": "#all"}
			}
		},
		{
			"from": [12.5, 13, 13],
			"to": [13.5, 14, 13],
			"rotation": {"angle": 45, "axis": "y", "origin": [13, 13, 13]},
			"faces": {
				"north": {"uv": [0, 5, 1, 6], "texture": "#all"},
				"south": {"uv": [1, 5, 0, 6], "texture": "#all"}
			}
		},
		{
			"from": [12, 8, 12],
			"to": [14, 13, 14],
			"rotation": {"angle": 0, "axis": "y", "origin": [11, 16, 12]},
			"faces": {
				"north": {"uv": [0, 8, 2, 13], "texture": "#all"},
				"east": {"uv": [0, 8, 2, 13], "texture": "#all"},
				"south": {"uv": [0, 8, 2, 13], "texture": "#all"},
				"west": {"uv": [0, 8, 2, 13], "texture": "#all"},
				"up": {"uv": [0, 6, 2, 8], "texture": "#all"},
				"down": {"uv": [0, 14, 2, 16], "texture": "#all", "cullface": "down"}
			}
		},
		{
			"from": [2.5, 13, 13],
			"to": [3.5, 14, 13],
			"rotation": {"angle": 45, "axis": "y", "origin": [3, 13, 13]},
			"faces": {
				"north": {"uv": [0, 5, 1, 6], "texture": "#all"},
				"south": {"uv": [1, 5, 0, 6], "texture": "#all"}
			}
		},
		{
			"from": [2.5, 13, 13],
			"to": [3.5, 14, 13],
			"rotation": {"angle": -45, "axis": "y", "origin": [3, 13, 13]},
			"faces": {
				"north": {"uv": [0, 5, 1, 6], "texture": "#all"},
				"south": {"uv": [1, 5, 0, 6], "texture": "#all"}
			}
		},
		{
			"from": [2, 8, 12],
			"to": [4, 13, 14],
			"rotation": {"angle": 0, "axis": "y", "origin": [5, 16, 15]},
			"faces": {
				"north": {"uv": [0, 8, 2, 13], "texture": "#all"},
				"east": {"uv": [0, 8, 2, 13], "texture": "#all"},
				"south": {"uv": [0, 8, 2, 13], "texture": "#all"},
				"west": {"uv": [0, 8, 2, 13], "texture": "#all"},
				"up": {"uv": [0, 6, 2, 8], "texture": "#all"},
				"down": {"uv": [0, 14, 2, 16], "texture": "#all", "cullface": "down"}
			}
		},
		{
			"from": [7.5, 14, 13],
			"to": [8.5, 15, 13],
			"rotation": {"angle": -45, "axis": "y", "origin": [8, 14, 13]},
			"faces": {
				"north": {"uv": [0, 5, 1, 6], "texture": "#all"},
				"south": {"uv": [0, 5, 1, 6], "texture": "#all"}
			}
		},
		{
			"from": [7, 8, 12],
			"to": [9, 14, 14],
			"rotation": {"angle": 0, "axis": "y", "origin": [7, 16, 15]},
			"faces": {
				"north": {"uv": [0, 8, 2, 14], "texture": "#all"},
				"east": {"uv": [0, 8, 2, 14], "texture": "#all"},
				"south": {"uv": [0, 8, 2, 14], "texture": "#all"},
				"west": {"uv": [0, 8, 2, 14], "texture": "#all"},
				"up": {"uv": [0, 6, 2, 8], "texture": "#all"},
				"down": {"uv": [0, 14, 2, 16], "texture": "#all", "cullface": "down"}
			}
		},
		{
			"from": [7.5, 14, 13],
			"to": [8.5, 15, 13],
			"rotation": {"angle": 45, "axis": "y", "origin": [8, 14, 13]},
			"faces": {
				"north": {"uv": [0, 5, 1, 6], "texture": "#all"},
				"south": {"uv": [0, 5, 1, 6], "texture": "#all"}
			}
		},
		{
			"from": [7, 4, 12],
			"to": [9, 5, 14],
			"rotation": {"angle": 0, "axis": "y", "origin": [15, 10, 20]},
			"faces": {
				"north": {"uv": [8, 11, 10, 12], "texture": "#1"},
				"east": {"uv": [8, 11, 10, 12], "texture": "#1"},
				"south": {"uv": [8, 11, 10, 12], "texture": "#1"},
				"west": {"uv": [8, 11, 10, 12], "texture": "#1"}
			}
		},
		{
			"from": [2, 5, 12],
			"to": [14, 7, 14],
			"rotation": {"angle": 0, "axis": "y", "origin": [10, 13, 20]},
			"faces": {
				"north": {"uv": [2, 0, 14, 2], "texture": "#1"},
				"east": {"uv": [14, 0, 16, 2], "texture": "#1"},
				"south": {"uv": [2, 0, 14, 2], "texture": "#1"},
				"west": {"uv": [0, 0, 2, 2], "texture": "#1"},
				"up": {"uv": [2, 0, 14, 2], "texture": "#1"},
				"down": {"uv": [2, 0, 14, 2], "texture": "#1"}
			}
		},
		{
			"from": [1, 7, 11],
			"to": [5, 8, 15],
			"rotation": {"angle": 0, "axis": "y", "origin": [9, 15, 19]},
			"faces": {
				"north": {"uv": [12, 10, 16, 11], "texture": "#1"},
				"east": {"uv": [12, 10, 16, 11], "texture": "#1"},
				"south": {"uv": [12, 10, 16, 11], "texture": "#1"},
				"west": {"uv": [12, 10, 16, 11], "texture": "#1"},
				"up": {"uv": [12, 12, 16, 16], "texture": "#1"},
				"down": {"uv": [12, 12, 16, 16], "texture": "#1"}
			}
		},
		{
			"from": [6, 7, 11],
			"to": [10, 8, 15],
			"rotation": {"angle": 0, "axis": "y", "origin": [14, 15, 19]},
			"faces": {
				"north": {"uv": [12, 10, 16, 11], "texture": "#1"},
				"east": {"uv": [12, 10, 16, 11], "texture": "#1"},
				"south": {"uv": [12, 10, 16, 11], "texture": "#1"},
				"west": {"uv": [12, 10, 16, 11], "texture": "#1"},
				"up": {"uv": [12, 12, 16, 16], "texture": "#1"},
				"down": {"uv": [12, 12, 16, 16], "texture": "#1"}
			}
		},
		{
			"from": [11, 7, 11],
			"to": [15, 8, 15],
			"rotation": {"angle": 0, "axis": "y", "origin": [19, 15, 19]},
			"faces": {
				"north": {"uv": [12, 10, 16, 11], "texture": "#1"},
				"east": {"uv": [12, 10, 16, 11], "texture": "#1"},
				"south": {"uv": [12, 10, 16, 11], "texture": "#1"},
				"west": {"uv": [12, 10, 16, 11], "texture": "#1"},
				"up": {"uv": [12, 12, 16, 16], "texture": "#1"},
				"down": {"uv": [12, 12, 16, 16], "texture": "#1"}
			}
		},
		{
			"from": [5, 0, 15],
			"to": [11, 6, 16],
			"rotation": {"angle": 0, "axis": "y", "origin": [13, 8, 23]},
			"faces": {
				"north": {"uv": [0, 10, 6, 16], "texture": "#1"},
				"east": {"uv": [6, 15, 12, 16], "rotation": 90, "texture": "#1"},
				"south": {"uv": [0, 10, 6, 16], "texture": "#1"},
				"west": {"uv": [6, 15, 12, 16], "rotation": 270, "texture": "#1"},
				"up": {"uv": [6, 15, 12, 16], "texture": "#1"},
				"down": {"uv": [6, 15, 12, 16], "rotation": 180, "texture": "#1"}
			}
		},
		{
			"from": [7, 2, 12],
			"to": [9, 4, 15],
			"rotation": {"angle": 0, "axis": "y", "origin": [15, 10, 23]},
			"faces": {
				"north": {"uv": [8, 12, 10, 14], "texture": "#1"},
				"east": {"uv": [13, 6, 16, 8], "texture": "#1"},
				"west": {"uv": [13, 4, 16, 6], "texture": "#1"},
				"up": {"uv": [13, 6, 16, 8], "rotation": 270, "texture": "#1"},
				"down": {"uv": [11, 5, 13, 8], "rotation": 180, "texture": "#1"}
			}
		}
	],
	"groups": [
		{
			"name": "group",
			"origin": [9, 6, 6],
			"color": 0,
			"children": [
				{
					"name": "group",
					"origin": [8, 8, 0],
					"color": 0,
					"children": [0, 1, 2]
				},
				{
					"name": "group",
					"origin": [8, 8, 0],
					"color": 0,
					"children": [3, 4, 5]
				},
				{
					"name": "group",
					"origin": [9, 6, -2],
					"color": 0,
					"children": [6, 7, 8]
				}
			]
		},
		{
			"name": "group",
			"origin": [19, 15, 14],
			"color": 0,
			"children": [9, 10, 11, 12, 13]
		},
		14,
		15
	]
}